// Jest Snapshot v1, https://goo.gl/fbAQLP

exports[`<Login /> Login 1`] = `
<RCTScrollView
  automaticallyAdjustContentInsets={false}
  contentInset={
    Object {
      "bottom": 0,
    }
  }
  enableAutomaticScroll={true}
  enableOnAndroid={false}
  enableResetScrollToCoords={true}
  extraHeight={75}
  extraScrollHeight={0}
  getScrollResponder={[Function]}
  handleOnScroll={[Function]}
  keyboardDismissMode="interactive"
  keyboardOpeningTime={250}
  keyboardSpace={0}
  onScroll={[Function]}
  resetKeyboardSpace={[Function]}
  scrollEventThrottle={1}
  scrollForExtraHeightOnAndroid={[Function]}
  scrollIntoView={[Function]}
  scrollToEnd={[Function]}
  scrollToFocusedInput={[Function]}
  scrollToPosition={[Function]}
  showsVerticalScrollIndicator={true}
  style={
    Object {
      "flex": 1,
    }
  }
  update={[Function]}
  viewIsInsideTabBar={false}
>
  <View>
    <Modal
      hardwareAccelerated={false}
      transparent={true}
      visible={true}
    >
      <View
        style={
          Object {
            "alignItems": "center",
            "backgroundColor": "#fff",
            "flex": 1,
            "justifyContent": "center",
            "opacity": 0.8,
          }
        }
      >
        <ActivityIndicator
          animating={true}
          color="#01579b"
          hidesWhenStopped={true}
          size="large"
        />
        <Text
          style={
            Object {
              "color": "#01579b",
              "fontFamily": "SalesforceSans-Regular",
              "fontSize": 36,
              "paddingTop": 10,
            }
          }
        >
           
           
        </Text>
      </View>
    </Modal>
    <View
      style={
        Object {
          "alignItems": "center",
          "flex": 1,
          "justifyContent": "flex-end",
          "marginTop": 20,
        }
      }
    >
      <Image
        source={1}
        style={
          Object {
            "height": 181,
            "width": 181,
          }
        }
      />
    </View>
    <View
      style={
        Object {
          "alignItems": "center",
          "alignSelf": "center",
          "flex": 3,
          "justifyContent": "center",
          "width": "90%",
        }
      }
    >
      <View
        style={
          Object {
            "padding": 10,
            "paddingHorizontal": 10,
            "width": "100%",
          }
        }
      >
        <Text
          style={
            Object {
              "color": "#706e6b",
              "fontFamily": "SalesforceSans-Regular",
              "fontSize": 14,
              "fontWeight": "bold",
              "marginBottom": 5,
            }
          }
        >
          Email
        </Text>
        <View
          style={
            Object {
              "alignItems": "center",
              "borderBottomWidth": 1,
              "borderColor": "#dedcdb",
              "borderRadius": 4,
              "borderWidth": 1,
              "flexDirection": "row",
              "paddingLeft": 10,
              "transform": Array [
                Object {
                  "translateX": 0,
                },
              ],
            }
          }
        >
          <TextInput
            allowFontScaling={true}
            autoCapitalize="none"
            editable={true}
            keyboardType="email-address"
            multiline={false}
            numberOfLines={1}
            onChangeText={[Function]}
            placeholder="john@example.com"
            rejectResponderTermination={true}
            secureTextEntry={false}
            style={
              Object {
                "alignSelf": "center",
                "color": "black",
                "flex": 1,
                "fontFamily": "SalesforceSans-Regular",
                "fontSize": 16,
                "minHeight": 40,
              }
            }
            testID="RNE__Input__text-input"
            underlineColorAndroid="transparent"
            value=""
          />
        </View>
      </View>
      <View
        style={
          Object {
            "padding": 10,
            "paddingHorizontal": 10,
            "width": "100%",
          }
        }
      >
        <Text
          style={
            Object {
              "color": "#706e6b",
              "fontFamily": "SalesforceSans-Regular",
              "fontSize": 14,
              "fontWeight": "bold",
              "marginBottom": 5,
            }
          }
        >
          Password
        </Text>
        <View
          style={
            Object {
              "alignItems": "center",
              "borderBottomWidth": 1,
              "borderColor": "#dedcdb",
              "borderRadius": 4,
              "borderWidth": 1,
              "flexDirection": "row",
              "paddingLeft": 10,
              "transform": Array [
                Object {
                  "translateX": 0,
                },
              ],
            }
          }
        >
          <TextInput
            allowFontScaling={true}
            autoCapitalize="none"
            editable={true}
            keyboardType="default"
            multiline={false}
            numberOfLines={1}
            onChangeText={[Function]}
            placeholder="password"
            rejectResponderTermination={true}
            secureTextEntry={true}
            style={
              Object {
                "alignSelf": "center",
                "color": "black",
                "flex": 1,
                "fontFamily": "SalesforceSans-Regular",
                "fontSize": 16,
                "minHeight": 40,
              }
            }
            testID="RNE__Input__text-input"
            underlineColorAndroid="transparent"
            value=""
          />
          <View
            style={
              Object {
                "alignItems": "center",
                "height": 40,
                "justifyContent": "center",
                "marginLeft": 15,
              }
            }
          >
            <View>
              <View
                accessible={true}
                focusable={true}
                isTVSelectable={true}
                onClick={[Function]}
                onResponderGrant={[Function]}
                onResponderMove={[Function]}
                onResponderRelease={[Function]}
                onResponderTerminate={[Function]}
                onResponderTerminationRequest={[Function]}
                onStartShouldSetResponder={[Function]}
                style={
                  Object {
                    "alignItems": "center",
                    "backgroundColor": "transparent",
                    "justifyContent": "center",
                  }
                }
              >
                <Text />
              </View>
            </View>
          </View>
        </View>
      </View>
      <View
        style={
          Object {
            "alignSelf": "center",
            "paddingTop": 20,
            "width": "40%",
          }
        }
      >
        <View
          style={
            Object {
              "borderRadius": 5,
            }
          }
        >
          <View
            accessible={true}
            focusable={true}
            isTVSelectable={true}
            onClick={[Function]}
            onResponderGrant={[Function]}
            onResponderMove={[Function]}
            onResponderRelease={[Function]}
            onResponderTerminate={[Function]}
            onResponderTerminationRequest={[Function]}
            onStartShouldSetResponder={[Function]}
            style={
              Object {
                "opacity": 1,
              }
            }
          >
            <View
              style={
                Object {
                  "alignItems": "center",
                  "backgroundColor": "#01579b",
                  "borderColor": "#2089dc",
                  "borderRadius": 5,
                  "borderWidth": 0,
                  "flexDirection": "row",
                  "justifyContent": "center",
                  "padding": 8,
                }
              }
            >
              <Text
                style={
                  Object {
                    "color": "white",
                    "fontFamily": "SalesforceSans-Regular",
                    "fontSize": 16,
                    "paddingBottom": 1,
                    "paddingTop": 2,
                    "textAlign": "center",
                  }
                }
              >
                Log In
              </Text>
            </View>
          </View>
        </View>
      </View>
    </View>
    <View
      style={
        Object {
          "flex": 2,
        }
      }
    />
  </View>
</RCTScrollView>
`;
